// Jest Snapshot v1, https://goo.gl/fbAQLP

exports[`NewsContainer renders a container of articles 1`] = `ShallowWrapper {}`;
