// Jest Snapshot v1, https://goo.gl/fbAQLP

exports[`NewsArticle renders a menu 1`] = `ShallowWrapper {}`;
