// Jest Snapshot v1, https://goo.gl/fbAQLP

exports[`Menu renders a new menu 1`] = `ShallowWrapper {}`;
