// Jest Snapshot v1, https://goo.gl/fbAQLP

exports[`SearchForm renders a nav 1`] = `ShallowWrapper {}`;
